// Jest Snapshot v1, https://goo.gl/fbAQLP

exports[`hello executes as expected 1`] = `
[MockFunction] {
  "calls": Array [
    Array [
      null,
      Object {
        "body": "{\\"message\\":\\"Go Serverless! Your function executed successfully!\\",\\"input\\":{}}",
        "statusCode": 200,
      },
    ],
  ],
  "results": Array [
    Object {
      "isThrow": false,
      "value": undefined,
    },
  ],
}
`;
