// Jest Snapshot v1, https://goo.gl/fbAQLP

exports[`hello executes as expected 1`] = `
[MockFunction] {
  "calls": Array [
    Array [
      null,
      Object {
        "body": "{\\"message\\":\\"Go Serverless v1.0! Your function executed successfully!\\",\\"input\\":{}}",
        "statusCode": 200,
      },
    ],
  ],
}
`;
